<html>
<body>
<pre>
<h1>µVision Build Log</h1>
<h2>Project:</h2>
C:\Users\gmura\OneDrive\Documents\arm\ARMPROJECT.uvproj
Project File Date:  05/27/2022

<h2>Output:</h2>
Build target 'Target 1'
compiling ARMPROJECT.C...
ARMPROJECT.C(387): warning:  #1-D: last line of file ends without a newline
  }
ARMPROJECT.C: 1 warning, 0 errors
linking...
Program Size: Code=5584 RO-data=80 RW-data=140 ZI-data=1332  
FromELF: creating hex file...
".\ARMPROJECT.axf" - 0 Error(s), 1 Warning(s).
</pre>
</body>
</html>

